keep__16: top__GC0, 
keep__18: top__GC0, 
partition: simple_memory__GB6, simple_memory__GB5, simple_memory__GB4, simple_memory__GB3, simple_memory__GB2, simple_memory__GB1, simple_memory__GB0, 
keep__28: top__GC0, 
case__2305: simple_memory__GB6, simple_memory__GB5, simple_memory__GB4, 
keep__5: top__GC0, 
keep__15: top__GC0, 
keep__22: top__GC0, 
keep__13: top__GC0, 
logic__13055: simple_memory__GB0, 
keep__21: top__GC0, 
keep__8: top__GC0, 
top__GC0: top__GC0, 
keep__23: top__GC0, 
keep__9: top__GC0, 
keep__6: top__GC0, 
keep__11: top__GC0, 
keep__3: top__GC0, 
partition__2: simple_memory__GB0, 
keep__17: top__GC0, 
keep__29: top__GC0, 
keep__27: top__GC0, 
keep__20: top__GC0, 
keep__26: top__GC0, 
keep__19: top__GC0, 
keep__31: top__GC0, 
keep__10: top__GC0, 
keep__7: top__GC0, 
reg__529: top__GC0, 
keep__1: top__GC0, 
keep__30: top__GC0, 
keep__2: top__GC0, 
keep__14: top__GC0, 
muxpart__803: top__GC0, 
keep__24: top__GC0, 
keep: top__GC0, 
logic__14155: simple_memory__GB1, simple_memory__GB0, 
keep__25: top__GC0, 
logic__7089: top__GC0, 
keep__12: top__GC0, 
keep__4: top__GC0, 
muxpart__1641: simple_memory__GB3, simple_memory__GB2, 
