keep__18: keep__18
keep__16: keep__16
partition: reg__529
keep__28: keep__28
keep__5: keep__5
keep__15: keep__15
simple_memory__GB3: muxpart__1641
keep__22: keep__22
simple_memory__GB0: logic__14155
partition__15: partition
keep__13: keep__13
logic__13055: logic__13055
keep__21: keep__21
keep__8: keep__8
top__GC0: top__GC0
keep__23: keep__23
partition__10: logic__7089
keep__9: keep__9
simple_memory__GB6: case__2305
keep__6: keep__6
keep__11: keep__11
keep__3: keep__3
keep__17: keep__17
partition__2: partition__2
keep__29: keep__29
partition__14: partition
keep__27: keep__27
keep__26: keep__26
keep__20: keep__20
partition__12: partition
simple_memory__GB4: case__2305
keep__19: keep__19
keep__31: keep__31
keep__10: keep__10
simple_memory__GB2: muxpart__1641
partition__9: muxpart__803
keep__7: keep__7
partition__16: partition
partition__17: partition
keep__1: keep__1
partition__11: partition
partition__13: partition
keep__30: keep__30
simple_memory__GB1: logic__14155
simple_memory__GB5: case__2305
keep__2: keep__2
keep__14: keep__14
keep__24: keep__24
keep: keep
keep__25: keep__25
keep__12: keep__12
keep__4: keep__4
