Copyright 1986-2018 Xilinx, Inc. All Rights Reserved.
------------------------------------------------------------------------------------
| Tool Version : Vivado v.2018.2 (lin64) Build 2258646 Thu Jun 14 20:02:38 MDT 2018
| Date         : Mon Dec 10 23:47:08 2018
| Host         : ice-x230 running 64-bit AOSC OS
| Command      : report_control_sets -verbose -file top_control_sets_placed.rpt
| Design       : top
| Device       : xc7a35t
------------------------------------------------------------------------------------

Control Set Information

Table of Contents
-----------------
1. Summary
2. Histogram
3. Flip-Flop Distribution
4. Detailed Control Set Information

1. Summary
----------

+----------------------------------------------------------+-------+
|                          Status                          | Count |
+----------------------------------------------------------+-------+
| Number of unique control sets                            |   217 |
| Unused register locations in slices containing registers |    32 |
+----------------------------------------------------------+-------+


2. Histogram
------------

+--------+--------------+
| Fanout | Control Sets |
+--------+--------------+
|      2 |            1 |
|      4 |            1 |
|     12 |            1 |
|    16+ |          214 |
+--------+--------------+


3. Flip-Flop Distribution
-------------------------

+--------------+-----------------------+------------------------+-----------------+--------------+
| Clock Enable | Synchronous Set/Reset | Asynchronous Set/Reset | Total Registers | Total Slices |
+--------------+-----------------------+------------------------+-----------------+--------------+
| No           | No                    | No                     |               0 |            0 |
| No           | No                    | Yes                    |             150 |           26 |
| No           | Yes                   | No                     |               0 |            0 |
| Yes          | No                    | No                     |            3126 |          696 |
| Yes          | No                    | Yes                    |            2188 |          615 |
| Yes          | Yes                   | No                     |               0 |            0 |
+--------------+-----------------------+------------------------+-----------------+--------------+


4. Detailed Control Set Information
-----------------------------------

+-----------------------------------+---------------------------------------------------------------+------------------+------------------+----------------+
|            Clock Signal           |                         Enable Signal                         | Set/Reset Signal | Slice Load Count | Bel Load Count |
+-----------------------------------+---------------------------------------------------------------+------------------+------------------+----------------+
| ~wNewClk_BUFG                     |                                                               | iwSw_IBUF[0]     |                1 |              2 |
|  mDisplayDriver/mClockDivider/CLK |                                                               | iwSw_IBUF[0]     |                1 |              4 |
|  wNewClk_BUFG                     |                                                               | iwSw_IBUF[0]     |                3 |             12 |
| ~wNewClk_BUFG                     | mIceRiscRV/mMainControlUnit/rMemory_reg[31][0][0]             |                  |                4 |             16 |
| ~wNewClk_BUFG                     | mIceRiscRV/mMainControlUnit/rMemory_reg[39][0][0]             |                  |                4 |             16 |
| ~wNewClk_BUFG                     | mIceRiscRV/mMainControlUnit/rMemory_reg[38][0][0]             |                  |                3 |             16 |
| ~wNewClk_BUFG                     | mIceRiscRV/mMainControlUnit/rMemory_reg[37][0][0]             |                  |                4 |             16 |
| ~wNewClk_BUFG                     | mIceRiscRV/mMainControlUnit/rMemory_reg[36][0][0]             |                  |                2 |             16 |
| ~wNewClk_BUFG                     | mIceRiscRV/mMainControlUnit/rMemory_reg[35][0][0]             |                  |                3 |             16 |
| ~wNewClk_BUFG                     | mIceRiscRV/mMainControlUnit/rMemory_reg[34][0][0]             |                  |                3 |             16 |
| ~wNewClk_BUFG                     | mIceRiscRV/mMainControlUnit/rMemory_reg[33][0][0]             |                  |                3 |             16 |
| ~wNewClk_BUFG                     | mIceRiscRV/mMainControlUnit/rMemory_reg[32][0][0]             |                  |                3 |             16 |
| ~wNewClk_BUFG                     | mIceRiscRV/mMainControlUnit/rMemory_reg[40][0][0]             |                  |                3 |             16 |
| ~wNewClk_BUFG                     | mIceRiscRV/mMainControlUnit/rMemory_reg[30][0][0]             |                  |                3 |             16 |
| ~wNewClk_BUFG                     | mIceRiscRV/mMainControlUnit/rMemory_reg[2][0][0]              |                  |                3 |             16 |
| ~wNewClk_BUFG                     | mIceRiscRV/mMainControlUnit/rMemory_reg[29][0][0]             |                  |                3 |             16 |
| ~wNewClk_BUFG                     | mIceRiscRV/mMainControlUnit/rMemory_reg[28][0][0]             |                  |                3 |             16 |
| ~wNewClk_BUFG                     | mIceRiscRV/mMainControlUnit/rMemory_reg[3][0][0]              |                  |                3 |             16 |
| ~wNewClk_BUFG                     | mIceRiscRV/mMainControlUnit/rMemory_reg[26][0][0]             |                  |                3 |             16 |
| ~wNewClk_BUFG                     | mIceRiscRV/mMainControlUnit/rMemory_reg[41][0][0]             |                  |                3 |             16 |
| ~wNewClk_BUFG                     | mIceRiscRV/mMainControlUnit/rMemory_reg[42][0][0]             |                  |                3 |             16 |
| ~wNewClk_BUFG                     | mIceRiscRV/mMainControlUnit/rMemory_reg[43][0][0]             |                  |                4 |             16 |
| ~wNewClk_BUFG                     | mIceRiscRV/mMainControlUnit/rMemory_reg[44][0][0]             |                  |                3 |             16 |
| ~wNewClk_BUFG                     | mIceRiscRV/mMainControlUnit/rMemory_reg[45][0][0]             |                  |                3 |             16 |
| ~wNewClk_BUFG                     | mIceRiscRV/mMainControlUnit/rMemory_reg[46][0][0]             |                  |                2 |             16 |
| ~wNewClk_BUFG                     | mIceRiscRV/mMainControlUnit/rMemory_reg[47][0][0]             |                  |                4 |             16 |
| ~wNewClk_BUFG                     | mIceRiscRV/mMainControlUnit/rMemory_reg[48][0][0]             |                  |                3 |             16 |
| ~wNewClk_BUFG                     | mIceRiscRV/mMainControlUnit/rMemory_reg[49][0][0]             |                  |                3 |             16 |
| ~wNewClk_BUFG                     | mIceRiscRV/mMainControlUnit/rMemory_reg[4][0][0]              |                  |                3 |             16 |
| ~wNewClk_BUFG                     | mIceRiscRV/mMainControlUnit/rMemory_reg[50][0][0]             |                  |                4 |             16 |
| ~wNewClk_BUFG                     | mIceRiscRV/mMainControlUnit/rMemory_reg[173][7][0]            | iwSw_IBUF[0]     |                5 |             16 |
| ~wNewClk_BUFG                     | mIceRiscRV/mMainControlUnit/rMemory_reg[162][0][0]            |                  |                4 |             16 |
| ~wNewClk_BUFG                     | mIceRiscRV/mMainControlUnit/rMemory_reg[163][0][0]            |                  |                3 |             16 |
| ~wNewClk_BUFG                     | mIceRiscRV/mMainControlUnit/rMemory_reg[164][0][0]            |                  |                3 |             16 |
| ~wNewClk_BUFG                     | mIceRiscRV/mMainControlUnit/rMemory_reg[165][0][0]            |                  |                2 |             16 |
| ~wNewClk_BUFG                     | mIceRiscRV/mMainControlUnit/rMemory_reg[166][0][0]            |                  |                3 |             16 |
| ~wNewClk_BUFG                     | mIceRiscRV/mMainControlUnit/rMemory_reg[167][0][0]            |                  |                5 |             16 |
| ~wNewClk_BUFG                     | mIceRiscRV/mMainControlUnit/rMemory_reg[168][0][0]            |                  |                3 |             16 |
| ~wNewClk_BUFG                     | mIceRiscRV/mMainControlUnit/rMemory_reg[169][0][0]            |                  |                3 |             16 |
| ~wNewClk_BUFG                     | mIceRiscRV/mMainControlUnit/rMemory_reg[16][0][0]             |                  |                5 |             16 |
| ~wNewClk_BUFG                     | mIceRiscRV/mMainControlUnit/rMemory_reg[170][0][0]            |                  |                5 |             16 |
| ~wNewClk_BUFG                     | mIceRiscRV/mMainControlUnit/rMemory_reg[171][0][0]            |                  |                6 |             16 |
| ~wNewClk_BUFG                     | mIceRiscRV/mMainControlUnit/rMemory_reg[172][7]_0[0]          | iwSw_IBUF[0]     |                4 |             16 |
| ~wNewClk_BUFG                     | mIceRiscRV/mMainControlUnit/rMemory_reg[27][0][0]             |                  |                3 |             16 |
| ~wNewClk_BUFG                     | mIceRiscRV/mMainControlUnit/rMemory_reg[174][7][0]            | iwSw_IBUF[0]     |                4 |             16 |
| ~wNewClk_BUFG                     | mIceRiscRV/mMainControlUnit/rMemory_reg[175][7]_0[0]          | iwSw_IBUF[0]     |                4 |             16 |
| ~wNewClk_BUFG                     | mIceRiscRV/mMainControlUnit/rMemory_reg[17][0][0]             |                  |                3 |             16 |
| ~wNewClk_BUFG                     | mIceRiscRV/mMainControlUnit/rMemory_reg[18][0][0]             |                  |                2 |             16 |
| ~wNewClk_BUFG                     | mIceRiscRV/mMainControlUnit/rMemory_reg[19][0][0]             |                  |                3 |             16 |
| ~wNewClk_BUFG                     | mIceRiscRV/mMainControlUnit/rMemory_reg[20][0][0]             |                  |                3 |             16 |
| ~wNewClk_BUFG                     | mIceRiscRV/mMainControlUnit/rMemory_reg[21][0][0]             |                  |                2 |             16 |
| ~wNewClk_BUFG                     | mIceRiscRV/mMainControlUnit/rMemory_reg[22][0][0]             |                  |                3 |             16 |
| ~wNewClk_BUFG                     | mIceRiscRV/mMainControlUnit/rMemory_reg[23][0][0]             |                  |                4 |             16 |
| ~wNewClk_BUFG                     | mIceRiscRV/mMainControlUnit/rMemory_reg[24][0][0]             |                  |                5 |             16 |
| ~wNewClk_BUFG                     | mIceRiscRV/mMainControlUnit/rMemory_reg[25][0][0]             |                  |                3 |             16 |
| ~wNewClk_BUFG                     | mIceRiscRV/mMainControlUnit/rMemory_reg[52][0][0]             |                  |                4 |             16 |
| ~wNewClk_BUFG                     | mIceRiscRV/mMainControlUnit/rMemory_reg[89][0][0]             |                  |                3 |             16 |
| ~wNewClk_BUFG                     | mIceRiscRV/mMainControlUnit/rMemory_reg[77][0][0]             |                  |                5 |             16 |
| ~wNewClk_BUFG                     | mIceRiscRV/mMainControlUnit/rMemory_reg[78][0][0]             |                  |                2 |             16 |
| ~wNewClk_BUFG                     | mIceRiscRV/mMainControlUnit/rMemory_reg[79][0][0]             |                  |                4 |             16 |
| ~wNewClk_BUFG                     | mIceRiscRV/mMainControlUnit/rMemory_reg[7][0][0]              |                  |                2 |             16 |
| ~wNewClk_BUFG                     | mIceRiscRV/mMainControlUnit/rMemory_reg[80][0][0]             |                  |                3 |             16 |
| ~wNewClk_BUFG                     | mIceRiscRV/mMainControlUnit/rMemory_reg[81][0][0]             |                  |                3 |             16 |
| ~wNewClk_BUFG                     | mIceRiscRV/mMainControlUnit/rMemory_reg[82][0][0]             |                  |                3 |             16 |
| ~wNewClk_BUFG                     | mIceRiscRV/mMainControlUnit/rMemory_reg[83][0][0]             |                  |                3 |             16 |
| ~wNewClk_BUFG                     | mIceRiscRV/mMainControlUnit/rMemory_reg[84][0][0]             |                  |                4 |             16 |
| ~wNewClk_BUFG                     | mIceRiscRV/mMainControlUnit/rMemory_reg[85][0][0]             |                  |                3 |             16 |
| ~wNewClk_BUFG                     | mIceRiscRV/mMainControlUnit/rMemory_reg[86][0][0]             |                  |                3 |             16 |
| ~wNewClk_BUFG                     | mIceRiscRV/mMainControlUnit/rMemory_reg[87][0][0]             |                  |                4 |             16 |
| ~wNewClk_BUFG                     | mIceRiscRV/mMainControlUnit/rMemory_reg[88][0][0]             |                  |                3 |             16 |
| ~wNewClk_BUFG                     | mIceRiscRV/mMainControlUnit/rMemory_reg[76][0][0]             |                  |                4 |             16 |
| ~wNewClk_BUFG                     | mIceRiscRV/mMainControlUnit/rMemory_reg[8][0][0]              |                  |                3 |             16 |
| ~wNewClk_BUFG                     | mIceRiscRV/mMainControlUnit/rMemory_reg[90][0][0]             |                  |                3 |             16 |
| ~wNewClk_BUFG                     | mIceRiscRV/mMainControlUnit/rMemory_reg[91][0][0]             |                  |                2 |             16 |
| ~wNewClk_BUFG                     | mIceRiscRV/mMainControlUnit/rMemory_reg[92][0][0]             |                  |                3 |             16 |
| ~wNewClk_BUFG                     | mIceRiscRV/mMainControlUnit/rMemory_reg[93][0][0]             |                  |                4 |             16 |
| ~wNewClk_BUFG                     | mIceRiscRV/mMainControlUnit/rMemory_reg[94][0][0]             |                  |                3 |             16 |
| ~wNewClk_BUFG                     | mIceRiscRV/mMainControlUnit/rMemory_reg[95][0][0]             |                  |                3 |             16 |
| ~wNewClk_BUFG                     | mIceRiscRV/mMainControlUnit/rMemory_reg[96][0][0]             |                  |                4 |             16 |
| ~wNewClk_BUFG                     | mIceRiscRV/mMainControlUnit/rMemory_reg[97][0][0]             |                  |                5 |             16 |
| ~wNewClk_BUFG                     | mIceRiscRV/mMainControlUnit/rMemory_reg[98][0][0]             |                  |                3 |             16 |
| ~wNewClk_BUFG                     | mIceRiscRV/mMainControlUnit/rMemory_reg[99][0][0]             |                  |                3 |             16 |
| ~wNewClk_BUFG                     | mIceRiscRV/mMainControlUnit/rMemory_reg[9][0][0]              |                  |                3 |             16 |
| ~wNewClk_BUFG                     | mIceRiscRV/mMainControlUnit/rMemory_reg[64][0][0]             |                  |                3 |             16 |
| ~wNewClk_BUFG                     | mIceRiscRV/mMainControlUnit/rMemory_reg[15][0][0]             |                  |                3 |             16 |
| ~wNewClk_BUFG                     | mIceRiscRV/mMainControlUnit/rMemory_reg[53][0][0]             |                  |                3 |             16 |
| ~wNewClk_BUFG                     | mIceRiscRV/mMainControlUnit/rMemory_reg[54][0][0]             |                  |                2 |             16 |
| ~wNewClk_BUFG                     | mIceRiscRV/mMainControlUnit/rMemory_reg[55][0][0]             |                  |                4 |             16 |
| ~wNewClk_BUFG                     | mIceRiscRV/mMainControlUnit/rMemory_reg[56][0][0]             |                  |                4 |             16 |
| ~wNewClk_BUFG                     | mIceRiscRV/mMainControlUnit/rMemory_reg[57][0][0]             |                  |                4 |             16 |
| ~wNewClk_BUFG                     | mIceRiscRV/mMainControlUnit/rMemory_reg[58][0][0]             |                  |                4 |             16 |
| ~wNewClk_BUFG                     | mIceRiscRV/mMainControlUnit/rMemory_reg[59][0][0]             |                  |                3 |             16 |
| ~wNewClk_BUFG                     | mIceRiscRV/mMainControlUnit/rMemory_reg[5][0][0]              |                  |                3 |             16 |
| ~wNewClk_BUFG                     | mIceRiscRV/mMainControlUnit/rMemory_reg[60][0][0]             |                  |                3 |             16 |
| ~wNewClk_BUFG                     | mIceRiscRV/mMainControlUnit/rMemory_reg[61][0][0]             |                  |                4 |             16 |
| ~wNewClk_BUFG                     | mIceRiscRV/mMainControlUnit/rMemory_reg[62][0][0]             |                  |                4 |             16 |
| ~wNewClk_BUFG                     | mIceRiscRV/mMainControlUnit/rMemory_reg[63][0][0]             |                  |                3 |             16 |
| ~wNewClk_BUFG                     | mIceRiscRV/mMainControlUnit/rMemory_reg[51][0][0]             |                  |                3 |             16 |
| ~wNewClk_BUFG                     | mIceRiscRV/mMainControlUnit/rMemory_reg[65][0][0]             |                  |                5 |             16 |
| ~wNewClk_BUFG                     | mIceRiscRV/mMainControlUnit/rMemory_reg[66][0][0]             |                  |                3 |             16 |
| ~wNewClk_BUFG                     | mIceRiscRV/mMainControlUnit/rMemory_reg[67][0][0]             |                  |                6 |             16 |
| ~wNewClk_BUFG                     | mIceRiscRV/mMainControlUnit/rMemory_reg[68][0][0]             |                  |                4 |             16 |
| ~wNewClk_BUFG                     | mIceRiscRV/mMainControlUnit/rMemory_reg[69][0][0]             |                  |                3 |             16 |
| ~wNewClk_BUFG                     | mIceRiscRV/mMainControlUnit/rMemory_reg[6][0][0]              |                  |                3 |             16 |
| ~wNewClk_BUFG                     | mIceRiscRV/mMainControlUnit/rMemory_reg[70][0][0]             |                  |                3 |             16 |
| ~wNewClk_BUFG                     | mIceRiscRV/mMainControlUnit/rMemory_reg[71][0][0]             |                  |                2 |             16 |
| ~wNewClk_BUFG                     | mIceRiscRV/mMainControlUnit/rMemory_reg[72][0][0]             |                  |                3 |             16 |
| ~wNewClk_BUFG                     | mIceRiscRV/mMainControlUnit/rMemory_reg[73][0][0]             |                  |                3 |             16 |
| ~wNewClk_BUFG                     | mIceRiscRV/mMainControlUnit/rMemory_reg[74][0][0]             |                  |                3 |             16 |
| ~wNewClk_BUFG                     | mIceRiscRV/mMainControlUnit/rMemory_reg[75][0][0]             |                  |                3 |             16 |
| ~wNewClk_BUFG                     | mIceRiscRV/mMainControlUnit/rMemory_reg[121][0][0]            |                  |                3 |             16 |
| ~wNewClk_BUFG                     | mIceRiscRV/mMainControlUnit/rMemory_reg[114][0][0]            |                  |                3 |             16 |
| ~wNewClk_BUFG                     | mIceRiscRV/mMainControlUnit/rMemory_reg[115][0][0]            |                  |                3 |             16 |
| ~wNewClk_BUFG                     | mIceRiscRV/mMainControlUnit/rMemory_reg[116][0][0]            |                  |                3 |             16 |
| ~wNewClk_BUFG                     | mIceRiscRV/mMainControlUnit/rMemory_reg[117][0][0]            |                  |                3 |             16 |
| ~wNewClk_BUFG                     | mIceRiscRV/mMainControlUnit/rMemory_reg[118][0][0]            |                  |                2 |             16 |
| ~wNewClk_BUFG                     | mIceRiscRV/mMainControlUnit/rMemory_reg[119][0][0]            |                  |                4 |             16 |
| ~wNewClk_BUFG                     | mIceRiscRV/mMainControlUnit/rMemory_reg[11][0][0]             |                  |                3 |             16 |
| ~wNewClk_BUFG                     | mIceRiscRV/mMainControlUnit/rMemory_reg[120][0][0]            |                  |                3 |             16 |
| ~wNewClk_BUFG                     | mIceRiscRV/mMainControlUnit/rMemory_reg[113][0][0]            |                  |                4 |             16 |
| ~wNewClk_BUFG                     | mIceRiscRV/mMainControlUnit/rMemory_reg[122][0][0]            |                  |                3 |             16 |
| ~wNewClk_BUFG                     | mIceRiscRV/mMainControlUnit/rMemory_reg[123][0][0]            |                  |                4 |             16 |
| ~wNewClk_BUFG                     | mIceRiscRV/mMainControlUnit/rMemory_reg[124][0][0]            |                  |                5 |             16 |
| ~wNewClk_BUFG                     | mIceRiscRV/mMainControlUnit/rMemory_reg[125][0][0]            |                  |                3 |             16 |
| ~wNewClk_BUFG                     | mIceRiscRV/mMainControlUnit/rMemory_reg[126][0][0]            |                  |                3 |             16 |
| ~wNewClk_BUFG                     | mIceRiscRV/mMainControlUnit/rMemory_reg[127][0][0]            |                  |                3 |             16 |
| ~wNewClk_BUFG                     | mIceRiscRV/mMainControlUnit/rMemory_reg[128][0][0]            |                  |                3 |             16 |
| ~wNewClk_BUFG                     | mIceRiscRV/mMainControlUnit/rMemory_reg[129][0][0]            |                  |                5 |             16 |
| ~wNewClk_BUFG                     | mIceRiscRV/mMainControlUnit/rMemory_reg[106][0][0]            |                  |                4 |             16 |
| ~wNewClk_BUFG                     | mIceRiscRV/mMainControlUnit/E[0]                              |                  |                5 |             16 |
| ~wNewClk_BUFG                     | mIceRiscRV/mMainControlUnit/rMemory_reg[0][0][0]              |                  |                2 |             16 |
| ~wNewClk_BUFG                     | mIceRiscRV/mMainControlUnit/rMemory_reg[100][0][0]            |                  |                3 |             16 |
| ~wNewClk_BUFG                     | mIceRiscRV/mMainControlUnit/rMemory_reg[101][0][0]            |                  |                4 |             16 |
| ~wNewClk_BUFG                     | mIceRiscRV/mMainControlUnit/rMemory_reg[102][0][0]            |                  |                3 |             16 |
| ~wNewClk_BUFG                     | mIceRiscRV/mMainControlUnit/rMemory_reg[103][0][0]            |                  |                3 |             16 |
| ~wNewClk_BUFG                     | mIceRiscRV/mMainControlUnit/rMemory_reg[104][0][0]            |                  |                4 |             16 |
| ~wNewClk_BUFG                     | mIceRiscRV/mMainControlUnit/rMemory_reg[105][0][0]            |                  |                3 |             16 |
| ~wNewClk_BUFG                     | mIceRiscRV/mMainControlUnit/rMemory_reg[160][0][0]            |                  |                4 |             16 |
| ~wNewClk_BUFG                     | mIceRiscRV/mMainControlUnit/rMemory_reg[107][0][0]            |                  |                5 |             16 |
| ~wNewClk_BUFG                     | mIceRiscRV/mMainControlUnit/rMemory_reg[108][0][0]            |                  |                4 |             16 |
| ~wNewClk_BUFG                     | mIceRiscRV/mMainControlUnit/rMemory_reg[109][0][0]            |                  |                4 |             16 |
| ~wNewClk_BUFG                     | mIceRiscRV/mMainControlUnit/rMemory_reg[10][0][0]             |                  |                3 |             16 |
| ~wNewClk_BUFG                     | mIceRiscRV/mMainControlUnit/rMemory_reg[110][0][0]            |                  |                3 |             16 |
| ~wNewClk_BUFG                     | mIceRiscRV/mMainControlUnit/rMemory_reg[111][0][0]            |                  |                3 |             16 |
| ~wNewClk_BUFG                     | mIceRiscRV/mMainControlUnit/rMemory_reg[112][0][0]            |                  |                4 |             16 |
| ~wNewClk_BUFG                     | mIceRiscRV/mMainControlUnit/rMemory_reg[153][0][0]            |                  |                3 |             16 |
| ~wNewClk_BUFG                     | mIceRiscRV/mMainControlUnit/rMemory_reg[146][0][0]            |                  |                4 |             16 |
| ~wNewClk_BUFG                     | mIceRiscRV/mMainControlUnit/rMemory_reg[147][0][0]            |                  |                4 |             16 |
| ~wNewClk_BUFG                     | mIceRiscRV/mMainControlUnit/rMemory_reg[148][0][0]            |                  |                5 |             16 |
| ~wNewClk_BUFG                     | mIceRiscRV/mMainControlUnit/rMemory_reg[149][0][0]            |                  |                3 |             16 |
| ~wNewClk_BUFG                     | mIceRiscRV/mMainControlUnit/rMemory_reg[14][0][0]             |                  |                3 |             16 |
| ~wNewClk_BUFG                     | mIceRiscRV/mMainControlUnit/rMemory_reg[150][0][0]            |                  |                5 |             16 |
| ~wNewClk_BUFG                     | mIceRiscRV/mMainControlUnit/rMemory_reg[151][0][0]            |                  |                3 |             16 |
| ~wNewClk_BUFG                     | mIceRiscRV/mMainControlUnit/rMemory_reg[152][0][0]            |                  |                4 |             16 |
| ~wNewClk_BUFG                     | mIceRiscRV/mMainControlUnit/rMemory_reg[130][0][0]            |                  |                4 |             16 |
| ~wNewClk_BUFG                     | mIceRiscRV/mMainControlUnit/rMemory_reg[154][0][0]            |                  |                6 |             16 |
| ~wNewClk_BUFG                     | mIceRiscRV/mMainControlUnit/rMemory_reg[155][0][0]            |                  |                2 |             16 |
| ~wNewClk_BUFG                     | mIceRiscRV/mMainControlUnit/rMemory_reg[156][0][0]            |                  |                3 |             16 |
| ~wNewClk_BUFG                     | mIceRiscRV/mMainControlUnit/rMemory_reg[157][0][0]            |                  |                6 |             16 |
| ~wNewClk_BUFG                     | mIceRiscRV/mMainControlUnit/rMemory_reg[158][0][0]            |                  |                4 |             16 |
| ~wNewClk_BUFG                     | mIceRiscRV/mMainControlUnit/rMemory_reg[159][0][0]            |                  |                7 |             16 |
| ~wNewClk_BUFG                     | mIceRiscRV/mMainControlUnit/rMemory_reg[161][0][0]            |                  |                4 |             16 |
| ~wNewClk_BUFG                     | mIceRiscRV/mMainControlUnit/rMemory_reg[12][0][0]             |                  |                3 |             16 |
| ~wNewClk_BUFG                     | mIceRiscRV/mMainControlUnit/rMemory_reg[144][0][0]            |                  |                4 |             16 |
| ~wNewClk_BUFG                     | mIceRiscRV/mMainControlUnit/rMemory_reg[145][0][0]            |                  |                7 |             16 |
| ~wNewClk_BUFG                     | mIceRiscRV/mMainControlUnit/rMemory_reg[131][0][0]            |                  |                3 |             16 |
| ~wNewClk_BUFG                     | mIceRiscRV/mMainControlUnit/rMemory_reg[132][0][0]            |                  |                4 |             16 |
| ~wNewClk_BUFG                     | mIceRiscRV/mMainControlUnit/rMemory_reg[133][0][0]            |                  |                5 |             16 |
| ~wNewClk_BUFG                     | mIceRiscRV/mMainControlUnit/rMemory_reg[134][0][0]            |                  |                4 |             16 |
| ~wNewClk_BUFG                     | mIceRiscRV/mMainControlUnit/rMemory_reg[135][0][0]            |                  |                5 |             16 |
| ~wNewClk_BUFG                     | mIceRiscRV/mMainControlUnit/rMemory_reg[136][0][0]            |                  |                5 |             16 |
| ~wNewClk_BUFG                     | mIceRiscRV/mMainControlUnit/rMemory_reg[137][0][0]            |                  |                4 |             16 |
| ~wNewClk_BUFG                     | mIceRiscRV/mMainControlUnit/rMemory_reg[138][0][0]            |                  |                3 |             16 |
| ~wNewClk_BUFG                     | mIceRiscRV/mMainControlUnit/rMemory_reg[139][0][0]            |                  |                4 |             16 |
| ~wNewClk_BUFG                     | mIceRiscRV/mMainControlUnit/rMemory_reg[13][0][0]             |                  |                4 |             16 |
| ~wNewClk_BUFG                     | mIceRiscRV/mMainControlUnit/rMemory_reg[140][0][0]            |                  |                4 |             16 |
| ~wNewClk_BUFG                     | mIceRiscRV/mMainControlUnit/rMemory_reg[141][0][0]            |                  |                4 |             16 |
| ~wNewClk_BUFG                     | mIceRiscRV/mMainControlUnit/rMemory_reg[142][0][0]            |                  |                3 |             16 |
| ~wNewClk_BUFG                     | mIceRiscRV/mMainControlUnit/rMemory_reg[143][0][0]            |                  |                5 |             16 |
| ~wNewClk_BUFG                     | mIceRiscRV/mMainControlUnit/mRegFile/rRegFile[12][31]_i_1_n_0 | iwSw_IBUF[0]     |               12 |             64 |
| ~wNewClk_BUFG                     | mIceRiscRV/mMainControlUnit/mRegFile/rRegFile[11][31]_i_1_n_0 | iwSw_IBUF[0]     |               19 |             64 |
| ~wNewClk_BUFG                     | mIceRiscRV/mMainControlUnit/mRegFile/rRegFile[10][31]_i_1_n_0 | iwSw_IBUF[0]     |               19 |             64 |
| ~wNewClk_BUFG                     | mIceRiscRV/mMainControlUnit/mRegFile/rRegFile                 | iwSw_IBUF[0]     |               20 |             64 |
| ~wNewClk_BUFG                     | mIceRiscRV/mMainControlUnit/mRegFile/rRegFile[30][31]_i_1_n_0 | iwSw_IBUF[0]     |               22 |             64 |
| ~wNewClk_BUFG                     | mIceRiscRV/mMainControlUnit/mRegFile/rRegFile[2][31]_i_1_n_0  | iwSw_IBUF[0]     |               18 |             64 |
| ~wNewClk_BUFG                     | mIceRiscRV/mMainControlUnit/mRegFile/rRegFile[29][31]_i_1_n_0 | iwSw_IBUF[0]     |               17 |             64 |
| ~wNewClk_BUFG                     | mIceRiscRV/mMainControlUnit/mRegFile/rRegFile[28][31]_i_1_n_0 | iwSw_IBUF[0]     |               21 |             64 |
| ~wNewClk_BUFG                     | mIceRiscRV/mMainControlUnit/mRegFile/rRegFile[27][31]_i_1_n_0 | iwSw_IBUF[0]     |               21 |             64 |
| ~wNewClk_BUFG                     | mIceRiscRV/mMainControlUnit/mRegFile/rRegFile[26][31]_i_1_n_0 | iwSw_IBUF[0]     |               19 |             64 |
| ~wNewClk_BUFG                     | mIceRiscRV/mMainControlUnit/mRegFile/rRegFile[25][31]_i_1_n_0 | iwSw_IBUF[0]     |               18 |             64 |
| ~wNewClk_BUFG                     | mIceRiscRV/mMainControlUnit/mRegFile/rRegFile[24][31]_i_1_n_0 | iwSw_IBUF[0]     |               14 |             64 |
| ~wNewClk_BUFG                     | mIceRiscRV/mMainControlUnit/mRegFile/rRegFile[23][31]_i_1_n_0 | iwSw_IBUF[0]     |               20 |             64 |
| ~wNewClk_BUFG                     | mIceRiscRV/mMainControlUnit/mRegFile/rRegFile[22][31]_i_1_n_0 | iwSw_IBUF[0]     |               16 |             64 |
| ~wNewClk_BUFG                     | mIceRiscRV/mMainControlUnit/mRegFile/rRegFile[3][31]_i_1_n_0  | iwSw_IBUF[0]     |               21 |             64 |
| ~wNewClk_BUFG                     | mIceRiscRV/mMainControlUnit/mRegFile/rRegFile[21][31]_i_1_n_0 | iwSw_IBUF[0]     |               14 |             64 |
| ~wNewClk_BUFG                     | mIceRiscRV/mMainControlUnit/mRegFile/rRegFile[4][31]_i_1_n_0  | iwSw_IBUF[0]     |               21 |             64 |
| ~wNewClk_BUFG                     | mIceRiscRV/mMainControlUnit/mRegFile/rRegFile[14][31]_i_1_n_0 | iwSw_IBUF[0]     |               18 |             64 |
| ~wNewClk_BUFG                     | mIceRiscRV/mMainControlUnit/rReadData                         |                  |               12 |             64 |
|  wNewClk_BUFG                     | mIceRiscRV/mMainControlUnit/mPc/wPcUpdate                     | iwSw_IBUF[0]     |               11 |             64 |
| ~wNewClk_BUFG                     | mIceRiscRV/mMainControlUnit/mRegFile/rRegFile[9][31]_i_1_n_0  | iwSw_IBUF[0]     |               17 |             64 |
| ~wNewClk_BUFG                     | mIceRiscRV/mMainControlUnit/mRegFile/rRegFile[8][31]_i_1_n_0  | iwSw_IBUF[0]     |               21 |             64 |
| ~wNewClk_BUFG                     | mIceRiscRV/mMainControlUnit/mRegFile/rRegFile[7][31]_i_1_n_0  | iwSw_IBUF[0]     |               20 |             64 |
| ~wNewClk_BUFG                     | mIceRiscRV/mMainControlUnit/mRegFile/rRegFile[6][31]_i_1_n_0  | iwSw_IBUF[0]     |               20 |             64 |
| ~wNewClk_BUFG                     | mIceRiscRV/mMainControlUnit/mRegFile/rRegFile[5][31]_i_1_n_0  | iwSw_IBUF[0]     |               20 |             64 |
| ~wNewClk_BUFG                     | mIceRiscRV/mMainControlUnit/mRegFile/rRegFile[20][31]_i_1_n_0 | iwSw_IBUF[0]     |               23 |             64 |
| ~wNewClk_BUFG                     | mIceRiscRV/mMainControlUnit/mRegFile/rRegFile[1][31]_i_1_n_0  | iwSw_IBUF[0]     |               16 |             64 |
| ~wNewClk_BUFG                     | mIceRiscRV/mMainControlUnit/mRegFile/rRegFile[19][31]_i_1_n_0 | iwSw_IBUF[0]     |               19 |             64 |
| ~wNewClk_BUFG                     | mIceRiscRV/mMainControlUnit/mRegFile/rRegFile[18][31]_i_1_n_0 | iwSw_IBUF[0]     |               21 |             64 |
| ~wNewClk_BUFG                     | mIceRiscRV/mMainControlUnit/mRegFile/rRegFile[17][31]_i_1_n_0 | iwSw_IBUF[0]     |               12 |             64 |
| ~wNewClk_BUFG                     | mIceRiscRV/mMainControlUnit/mRegFile/rRegFile[16][31]_i_1_n_0 | iwSw_IBUF[0]     |               17 |             64 |
| ~wNewClk_BUFG                     | mIceRiscRV/mMainControlUnit/mRegFile/rRegFile[15][31]_i_1_n_0 | iwSw_IBUF[0]     |               19 |             64 |
| ~wNewClk_BUFG                     | mIceRiscRV/mMainControlUnit/mRegFile/rRegFile[13][31]_i_1_n_0 | iwSw_IBUF[0]     |               14 |             64 |
|  wNewClk_BUFG                     | mIceRiscRV/mMainControlUnit/orReadAddr[7]_i_1_n_0             |                  |               13 |             72 |
| ~wNewClk_BUFG                     | mIceRiscRV/mMainControlUnit/rInstruction[31]_i_1_n_0          | iwSw_IBUF[0]     |               18 |             76 |
| ~wNewClk_BUFG                     | mIceRiscRV/mMainControlUnit/rAluResult                        |                  |               30 |            108 |
|  wNewClk_BUFG                     | mIceRiscRV/mMainControlUnit/rReadReg2Value[31]_i_1_n_0        |                  |               38 |            130 |
|  iwClk100M_IBUF_BUFG              |                                                               | iwSw_IBUF[0]     |               21 |            132 |
+-----------------------------------+---------------------------------------------------------------+------------------+------------------+----------------+


